| gen_module.rs:3:1:4:8 | Module | hasCanonicalPath: | no | hasCrateOrigin: | no | getNumberOfAttrs: | 0 | hasItemList: | no | hasName: | yes | hasVisibility: | no |
| gen_module.rs:5:1:7:1 | Module | hasCanonicalPath: | no | hasCrateOrigin: | no | getNumberOfAttrs: | 0 | hasItemList: | yes | hasName: | yes | hasVisibility: | no |
| lib.rs:2:1:2:15 | Module | hasCanonicalPath: | no | hasCrateOrigin: | no | getNumberOfAttrs: | 0 | hasItemList: | no | hasName: | yes | hasVisibility: | no |
