| gen_trait.rs:4:20:8:1 | AssocItemList | getNumberOfAssocItems: | 3 | getNumberOfAttrs: | 0 |
| gen_trait.rs:10:52:10:53 | AssocItemList | getNumberOfAssocItems: | 0 | getNumberOfAttrs: | 0 |
