| gen_trait.rs:3:1:8:1 | Trait | repo::test |
| gen_trait.rs:10:1:10:53 | Trait | repo::test |
