| gen_trait.rs:3:1:8:1 | Trait | gen_trait.rs:4:20:8:1 | AssocItemList |
| gen_trait.rs:10:1:10:53 | Trait | gen_trait.rs:10:52:10:53 | AssocItemList |
