| gen_trait.rs:10:1:10:53 | Trait | gen_trait.rs:10:10:10:26 | GenericParamList |
